  Determining projects to restore...
  Restored D:\a\tuner\tuner\desktop\Tuner.Desktop.csproj (in 21 sec).
  Tuner.Desktop -> D:\a\tuner\tuner\desktop\bin\Release\net8.0-windows\win-x64\Tuner.dll
  Tuner.Desktop -> D:\a\tuner\tuner\dist\Tuner\
files: 1085
size MB: 343.8

Name                                                  Length
----                                                  ------
libvlc                                                
runtimes                                              
ui                                                    
Accessibility.dll                                     20776
clretwrc.dll                                          310568
clrgc.dll                                             667944
clrjit.dll                                            1777960
coreclr.dll                                           4995880
createdump.exe                                        71512
D3DCompiler_47_cor3.dll                               4741488
DirectWriteForwarder.dll                              522024
hostfxr.dll                                           366376
hostpolicy.dll                                        406824
LibVLCSharp.dll                                       229888
Microsoft.CSharp.dll                                  1005392
Microsoft.DiaSymReader.Native.amd64.dll               2377016
Microsoft.VisualBasic.Core.dll                        1247056
Microsoft.VisualBasic.dll                             18768
Microsoft.VisualBasic.Forms.dll                       247592
Microsoft.Web.WebView2.Core.dll                       698208
Microsoft.Web.WebView2.Core.xml                       612031
Microsoft.Web.WebView2.WinForms.dll                   39264
Microsoft.Web.WebView2.WinForms.xml                   41869
Microsoft.Web.WebView2.Wpf.dll                        87392
Microsoft.Web.WebView2.Wpf.xml                        143649
Microsoft.Win32.Primitives.dll                        15184
Microsoft.Win32.Registry.AccessControl.dll            34640
Microsoft.Win32.Registry.dll                          120656
Microsoft.Win32.SystemEvents.dll                      96080
mscordaccore_amd64_amd64_8.0.3126.42015.dll           1348960
mscordaccore.dll                                      1348960
mscordbi.dll                                          1233800
mscorlib.dll                                          59216
mscorrc.dll                                           136488
msquic.dll                                            536344
netstandard.dll                                       100648
PenImc_cor3.dll                                       157992
PresentationCore.dll                                  8558376
PresentationFramework-SystemCore.dll                  38696
PresentationFramework-SystemData.dll                  34600
PresentationFramework-SystemDrawing.dll               34640
PresentationFramework-SystemXml.dll                   34600
PresentationFramework-SystemXmlLinq.dll               30544
PresentationFramework.Aero.dll                        444240
PresentationFramework.Aero2.dll                       448336
PresentationFramework.AeroLite.dll                    239400
PresentationFramework.Classic.dll                     272168
PresentationFramework.dll                             16127824
PresentationFramework.Luna.dll                        669480
PresentationFramework.Royale.dll                      333648
PresentationNative_cor3.dll                           1235280
PresentationUI.dll                                    1287976
ReachFramework.dll                                    1603368
System.AppContext.dll                                 15144
System.Buffers.dll                                    15184
System.CodeDom.dll                                    489256
System.Collections.Concurrent.dll                     276264
System.Collections.dll                                259880
System.Collections.Immutable.dll                      837456
System.Collections.NonGeneric.dll                     104232
System.Collections.Specialized.dll                    104272
System.ComponentModel.Annotations.dll                 198480
System.ComponentModel.DataAnnotations.dll             16720
System.ComponentModel.dll                             30504
System.ComponentModel.EventBasedAsync.dll             46928
System.ComponentModel.Primitives.dll                  79696
System.ComponentModel.TypeConverter.dll               747304
System.Configuration.ConfigurationManager.dll         1074984
System.Configuration.dll                              19240
System.Console.dll                                    173864
System.Core.dll                                       23336
System.Data.Common.dll                                2860840
System.Data.DataSetExtensions.dll                     15696
System.Data.dll                                       24912
System.Design.dll                                     21800
System.Diagnostics.Contracts.dll                      16168
System.Diagnostics.Debug.dll                          15656
System.Diagnostics.DiagnosticSource.dll               415568
System.Diagnostics.EventLog.dll                       386856
System.Diagnostics.EventLog.Messages.dll              800552
System.Diagnostics.FileVersionInfo.dll                46888
System.Diagnostics.PerformanceCounter.dll             288552
System.Diagnostics.Process.dll                        337744
System.Diagnostics.StackTrace.dll                     46888
System.Diagnostics.TextWriterTraceListener.dll        67368
System.Diagnostics.Tools.dll                          15184
System.Diagnostics.TraceSource.dll                    145232
System.Diagnostics.Tracing.dll                        16168
System.DirectoryServices.dll                          1046352
System.dll                                            49960
System.Drawing.Common.dll                             1529640
System.Drawing.Design.dll                             15144
System.Drawing.dll                                    21288
System.Drawing.Primitives.dll                         132944
System.Dynamic.Runtime.dll                            16208
System.Formats.Asn1.dll                               243496
System.Formats.Tar.dll                                276304
System.Globalization.Calendars.dll                    15696
System.Globalization.dll                              15656
System.Globalization.Extensions.dll                   15144
System.IO.Compression.Brotli.dll                      83752
System.IO.Compression.dll                             263976
System.IO.Compression.FileSystem.dll                  15144
System.IO.Compression.Native.dll                      828240
System.IO.Compression.ZipFile.dll                     55080
System.IO.dll                                         15656
System.IO.FileSystem.AccessControl.dll                104232
System.IO.FileSystem.dll                              15656
System.IO.FileSystem.DriveInfo.dll                    55080
System.IO.FileSystem.Primitives.dll                   15184
System.IO.FileSystem.Watcher.dll                      87888
System.IO.IsolatedStorage.dll                         91984
System.IO.MemoryMappedFiles.dll                       83752
System.IO.Packaging.dll                               292688
System.IO.Pipes.AccessControl.dll                     16168
System.IO.Pipes.dll                                   165672
System.IO.UnmanagedMemoryStream.dll                   15144
System.Linq.dll                                       542504
System.Linq.Expressions.dll                           3675984
System.Linq.Parallel.dll                              804648
System.Linq.Queryable.dll                             173864
System.Memory.dll                                     157480
System.Net.dll                                        17232
System.Net.Http.dll                                   1734440
System.Net.Http.Json.dll                              128808
System.Net.HttpListener.dll                           550696
System.Net.Mail.dll                                   431952
System.Net.NameResolution.dll                         112424
System.Net.NetworkInformation.dll                     157480
System.Net.Ping.dll                                   96040
System.Net.Primitives.dll                             231248
System.Net.Quic.dll                                   284456
System.Net.Requests.dll                               345896
System.Net.Security.dll                               669520
System.Net.ServicePoint.dll                           46888
System.Net.Sockets.dll                                546600
System.Net.WebClient.dll                              169768
System.Net.WebHeaderCollection.dll                    67368
System.Net.WebProxy.dll                               42792
System.Net.WebSockets.Client.dll                      100136
System.Net.WebSockets.dll                             190288
System.Numerics.dll                                   15184
System.Numerics.Vectors.dll                           15656
System.ObjectModel.dll                                79656
System.Printing.dll                                   980816
System.Private.CoreLib.dll                            13174608
System.Private.DataContractSerialization.dll          2082600
System.Private.Uri.dll                                259920
System.Private.Xml.dll                                7997264
System.Private.Xml.Linq.dll                           403240
System.Reflection.DispatchProxy.dll                   75560
System.Reflection.dll                                 16168
System.Reflection.Emit.dll                            128808
System.Reflection.Emit.ILGeneration.dll               15656
System.Reflection.Emit.Lightweight.dll                15656
System.Reflection.Extensions.dll                      15144
System.Reflection.Metadata.dll                        1115944
System.Reflection.Primitives.dll                      15656
System.Reflection.TypeExtensions.dll                  42792
System.Resources.Extensions.dll                       137040
System.Resources.Reader.dll                           15184
System.Resources.ResourceManager.dll                  15656
System.Resources.Writer.dll                           50984
System.Runtime.CompilerServices.Unsafe.dll            15144
System.Runtime.CompilerServices.VisualC.dll           30544
System.Runtime.dll                                    43304
System.Runtime.Extensions.dll                         17704
System.Runtime.Handles.dll                            15144
System.Runtime.InteropServices.dll                    96080
System.Runtime.InteropServices.JavaScript.dll         50984
System.Runtime.InteropServices.RuntimeInformation.dll 15144
System.Runtime.Intrinsics.dll                         16720
System.Runtime.Loader.dll                             15696
System.Runtime.Numerics.dll                           329552
System.Runtime.Serialization.dll                      16680
System.Runtime.Serialization.Formatters.dll           309032
System.Runtime.Serialization.Json.dll                 15656
System.Runtime.Serialization.Primitives.dll           38736
System.Runtime.Serialization.Xml.dll                  16680
System.Security.AccessControl.dll                     231248
System.Security.Claims.dll                            100176
System.Security.Cryptography.Algorithms.dll           17192
System.Security.Cryptography.Cng.dll                  16168
System.Security.Cryptography.Csp.dll                  15656
System.Security.Cryptography.dll                      2049872
System.Security.Cryptography.Encoding.dll             15696
System.Security.Cryptography.OpenSsl.dll              15144
System.Security.Cryptography.Pkcs.dll                 759592
System.Security.Cryptography.Primitives.dll           15696
System.Security.Cryptography.ProtectedData.dll        55080
System.Security.Cryptography.X509Certificates.dll     16680
System.Security.Cryptography.Xml.dll                  464680
System.Security.dll                                   18256
System.Security.Permissions.dll                       186152
System.Security.Principal.dll                         15144
System.Security.Principal.Windows.dll                 186152
System.Security.SecureString.dll                      15184
System.ServiceModel.Web.dll                           16720
System.ServiceProcess.dll                             15656
System.Text.Encoding.CodePages.dll                    861992
System.Text.Encoding.dll                              15656
System.Text.Encoding.Extensions.dll                   15656
System.Text.Encodings.Web.dll                         132904
System.Text.Json.dll                                  1501008
System.Text.RegularExpressions.dll                    1021736
System.Threading.AccessControl.dll                    83792
System.Threading.Channels.dll                         132944
System.Threading.dll                                  83752
System.Threading.Overlapped.dll                       15656
System.Threading.Tasks.Dataflow.dll                   489256
System.Threading.Tasks.dll                            16680
System.Threading.Tasks.Extensions.dll                 15656
System.Threading.Tasks.Parallel.dll                   132904
System.Threading.Thread.dll                           15656
System.Threading.ThreadPool.dll                       15656
System.Threading.Timer.dll                            15144
System.Transactions.dll                               16168
System.Transactions.Local.dll                         661328
System.ValueTuple.dll                                 15144
System.Web.dll                                        15144
System.Web.HttpUtility.dll                            59216
System.Windows.Controls.Ribbon.dll                    1451816
System.Windows.dll                                    15656
System.Windows.Extensions.dll                         116520
System.Windows.Forms.Design.dll                       5564200
System.Windows.Forms.Design.Editors.dll               16168
System.Windows.Forms.dll                              13563688
System.Windows.Forms.Primitives.dll                   3012392
System.Windows.Input.Manipulations.dll                137000
System.Windows.Presentation.dll                       30544
System.Xaml.dll                                       1423184
System.Xml.dll                                        23376
System.Xml.Linq.dll                                   15656
System.Xml.ReaderWriter.dll                           21800
System.Xml.Serialization.dll                          16168
System.Xml.XDocument.dll                              15656
System.Xml.XmlDocument.dll                            15656
System.Xml.XmlSerializer.dll                          17744
System.Xml.XPath.dll                                  15696
System.Xml.XPath.XDocument.dll                        30544
Tuner.deps.json                                       38000
Tuner.dll                                             130048
Tuner.exe                                             160256
Tuner.runtimeconfig.json                              439
UIAutomationClient.dll                                415528
UIAutomationClientSideProviders.dll                   870184
UIAutomationProvider.dll                              59216
UIAutomationTypes.dll                                 313128
vcruntime140_cor3.dll                                 124544
WebView2Loader.dll                                    194912
WindowsBase.dll                                       2254632
WindowsFormsIntegration.dll                           210728
wpfgfx_cor3.dll                                       1955624


